// Jest Snapshot v1, https://goo.gl/fbAQLP

exports[`Icon exports every icon 1`] = `
Object {
  "AddCircle": [Function],
  "AddCircleSolid": [Function],
  "AddUser": [Function],
  "AppleBrand": [Function],
  "Apply": [Function],
  "Archive": [Function],
  "ArrowDown": [Function],
  "ArrowLeft": [Function],
  "ArrowRight": [Function],
  "ArrowUp": [Function],
  "Assess": [Function],
  "Assignment": [Function],
  "AssignmentSolid": [Function],
  "Attachment": [Function],
  "Attention": [Function],
  "AttentionSolid": [Function],
  "Back": [Function],
  "BarChart": [Function],
  "Bell": [Function],
  "Book": [Function],
  "Bookmark": [Function],
  "BookmarkSolid": [Function],
  "Branch": [Function],
  "Briefcase": [Function],
  "Building": [Function],
  "Bulb": [Function],
  "Bullet": [Function],
  "Calendar": [Function],
  "Camera": [Function],
  "Chat": [Function],
  "ChatSolid": [Function],
  "Checkmark": [Function],
  "CheckmarkCircle": [Function],
  "CheckmarkCircleSolid": [Function],
  "ChevronDown": [Function],
  "ChevronLeft": [Function],
  "ChevronRight": [Function],
  "ChevronUp": [Function],
  "Circle": [Function],
  "CircleSolid": [Function],
  "Clock": [Function],
  "ClockSolid": [Function],
  "ClosedCaptions": [Function],
  "Code": [Function],
  "Cog": [Function],
  "CogSolid": [Function],
  "Columns": [Function],
  "Command": [Function],
  "Compass": [Function],
  "Copy": [Function],
  "CreditCard": [Function],
  "Cross": [Function],
  "CrossCircle": [Function],
  "CrossCircleSolid": [Function],
  "Crosshair": [Function],
  "DataCampBrand": [Function],
  "DataCampCertificationBrand": [Function],
  "DataCampJobsBrand": [Function],
  "DataCampLearnBrand": [Function],
  "DataCampRecruitBrand": [Function],
  "DataCampWorkspaceBrand": [Function],
  "Database": [Function],
  "Desktop": [Function],
  "Diamond": [Function],
  "Document": [Function],
  "Dollar": [Function],
  "Download": [Function],
  "Edit": [Function],
  "Education": [Function],
  "Exercise": [Function],
  "ExerciseSolid": [Function],
  "Exit": [Function],
  "Expand": [Function],
  "ExternalLink": [Function],
  "FacebookBrand": [Function],
  "Feed": [Function],
  "FigmaBrand": [Function],
  "Filter": [Function],
  "Flag": [Function],
  "Flash": [Function],
  "FlashSolid": [Function],
  "Flashcard": [Function],
  "Float": [Function],
  "Folder": [Function],
  "Footer": [Function],
  "Forbidden": [Function],
  "Forward": [Function],
  "FullScreen": [Function],
  "GithubBrand": [Function],
  "Globe": [Function],
  "GoogleBrand": [Function],
  "GoogleColoredBrand": [Function],
  "GooglePlayBrand": [Function],
  "Group": [Function],
  "GroupSolid": [Function],
  "Header": [Function],
  "Health": [Function],
  "HealthSolid": [Function],
  "Heart": [Function],
  "HeartSolid": [Function],
  "Help": [Function],
  "HelpCircle": [Function],
  "HelpCircleSolid": [Function],
  "Hidden": [Function],
  "HiddenSolid": [Function],
  "Home": [Function],
  "Image": [Function],
  "InfoCircle": [Function],
  "InfoCircleSolid": [Function],
  "InstagramBrand": [Function],
  "Integration": [Function],
  "Interface": [Function],
  "Introduction": [Function],
  "KaggleBrand": [Function],
  "Keyboard": [Function],
  "Lab": [Function],
  "LeanpubBrand": [Function],
  "Learn": [Function],
  "LineChart": [Function],
  "Link": [Function],
  "LinkedInBrand": [Function],
  "List": [Function],
  "Locked": [Function],
  "LockedSolid": [Function],
  "Mail": [Function],
  "Markdown": [Function],
  "Matrix": [Function],
  "Medal": [Function],
  "Menu": [Function],
  "Microphone": [Function],
  "MicrophoneSolid": [Function],
  "Minimize": [Function],
  "Minus": [Function],
  "Mobile": [Function],
  "Moon": [Function],
  "MoonSolid": [Function],
  "More": [Function],
  "Multidoc": [Function],
  "Mute": [Function],
  "MuteSolid": [Function],
  "NineDots": [Function],
  "Pause": [Function],
  "PaypalBrand": [Function],
  "PaypalColoredBrand": [Function],
  "Phone": [Function],
  "PieChart": [Function],
  "Pin": [Function],
  "PinSolid": [Function],
  "PlatformSwitch": [Function],
  "Play": [Function],
  "PlaySolid": [Function],
  "Plus": [Function],
  "Practice": [Function],
  "Publish": [Function],
  "PythonBrand": [Function],
  "RBrand": [Function],
  "Random": [Function],
  "Redo": [Function],
  "Refresh": [Function],
  "Remove": [Function],
  "RemoveSolid": [Function],
  "Reply": [Function],
  "Rewind": [Function],
  "RewindSolid": [Function],
  "Rocket": [Function],
  "RocketSolid": [Function],
  "Rows": [Function],
  "Save": [Function],
  "ScalaBrand": [Function],
  "Scissors": [Function],
  "Search": [Function],
  "Share": [Function],
  "Skip": [Function],
  "SkipSolid": [Function],
  "SlackBrand": [Function],
  "SlackColoredBrand": [Function],
  "Sort": [Function],
  "SortAscending": [Function],
  "SortDescending": [Function],
  "Sound": [Function],
  "SoundSolid": [Function],
  "Sparkles": [Function],
  "SparklesSolid": [Function],
  "Star": [Function],
  "StarSolid": [Function],
  "Stop": [Function],
  "StopSolid": [Function],
  "Sun": [Function],
  "SunSolid": [Function],
  "Tab": [Function],
  "Tablet": [Function],
  "Tag": [Function],
  "Team": [Function],
  "Terminal": [Function],
  "TerminalSolid": [Function],
  "Text": [Function],
  "Trash": [Function],
  "TrashSolid": [Function],
  "TrimBegin": [Function],
  "TrimEnd": [Function],
  "Trophy": [Function],
  "TwitterBrand": [Function],
  "Undo": [Function],
  "Unlink": [Function],
  "Unlocked": [Function],
  "UnlockedSolid": [Function],
  "Upload": [Function],
  "Upvote": [Function],
  "UpvoteSolid": [Function],
  "User": [Function],
  "UserSolid": [Function],
  "Verified": [Function],
  "VerifiedSolid": [Function],
  "VersionHistory": [Function],
  "Video": [Function],
  "VideoCamera": [Function],
  "VideoCameraSolid": [Function],
  "VideoSolid": [Function],
  "Visible": [Function],
  "VisibleSolid": [Function],
  "Waypoint": [Function],
  "Website": [Function],
  "YoutubeBrand": [Function],
}
`;
