// Jest Snapshot v1, https://goo.gl/fbAQLP

exports[`Overlay renders snapshot when is not visible 1`] = `
@keyframes animation-0 {
  from {
    opacity: 1;
  }

  to {
    opacity: 0;
  }
}

.emotion-0 {
  background-color: rgba(5, 25, 45, 0.7);
  opacity: 0;
  -webkit-animation: animation-0 200ms ease-out forwards;
  animation: animation-0 200ms ease-out forwards;
  z-index: 8000;
}

<div
  class="emotion-0"
  style="position: fixed; overflow: auto; top: 0px; right: 0px; bottom: 0px; left: 0px;"
/>
`;

exports[`Overlay renders snapshot when is visible 1`] = `
@keyframes animation-0 {
  from {
    opacity: 0;
  }

  to {
    opacity: 1;
  }
}

.emotion-0 {
  background-color: rgba(5, 25, 45, 0.7);
  opacity: 0;
  -webkit-animation: animation-0 200ms ease-out forwards;
  animation: animation-0 200ms ease-out forwards;
  z-index: 8000;
}

<div
  class="emotion-0"
  style="position: fixed; overflow: auto; top: 0px; right: 0px; bottom: 0px; left: 0px;"
/>
`;
